
[1m[7m[36m RUN [39m[27m[22m [36mv2.1.9 [39m[90mC:/Users/admin/Desktop/CC/cuddly-sniffle/The Cafe/The Cafe[39m

 [31mΓ¥»[39m server/payroll-utils.test.ts [2m([22m[2m4 tests[22m[2m | [22m[31m4 failed[39m[2m)[22m[90m 67[2mms[22m[39m
[31m   [31m├ù[31m calculateShiftPay[2m > [22mcalculates base pay for a regular shift[90m 47[2mms[22m[31m[39m
[31m     ΓåÆ expected 830 to be 800 // Object.is equality[39m
[31m   [31m├ù[31m calculateShiftPay[2m > [22msplits cross-midnight shifts and tracks night differential correctly[90m 6[2mms[22m[31m[39m
[31m     ΓåÆ expected [ { date: '2025-01-06', ΓÇª(16) } ] to have a length of 2 but got 1[39m
[31m   [31m├ù[31m calculateShiftPay[2m > [22madds regular holiday premiums when worked[90m 6[2mms[22m[31m[39m
[31m     ΓåÆ expected 'normal' to be 'regular' // Object.is equality[39m
[31m   [31m├ù[31m calculateShiftPay[2m > [22mapplies rest day premiums on normal days[90m 5[2mms[22m[31m[39m
[31m     ΓåÆ expected [ { date: '2025-01-04', ΓÇª(16) }, ΓÇª(1) ] to have a length of 1 but got 2[39m
 [31mΓ¥»[39m server/payslip.test.ts [2m([22m[2m52 tests[22m[2m | [22m[31m2 failed[39m[2m)[22m[90m 115[2mms[22m[39m
[31m   [31m├ù[31m Payslip Validation[2m > [22mshould validate sample payslip data[90m 25[2mms[22m[31m[39m
[31m     ΓåÆ expected false to be true // Object.is equality[39m
[31m   [31m├ù[31m Earnings Calculations[2m > [22mshould correctly sum earnings to gross[90m 2[2mms[22m[31m[39m
[31m     ΓåÆ expected 22.729999999999563 to be less than 0.01[39m

[2m Test Files [22m [1m[31m2 failed[39m[22m[90m (2)[39m
[2m      Tests [22m [1m[31m6 failed[39m[22m[2m | [22m[1m[32m50 passed[39m[22m[90m (56)[39m
[2m   Start at [22m 22:30:40
[2m   Duration [22m 2.06s[2m (transform 368ms, setup 0ms, collect 502ms, tests 182ms, environment 1ms, prepare 2.35s)[22m

